// Jest Snapshot v1, https://goo.gl/fbAQLP

exports[`Header Component renders without crashing 1`] = `
<nav
  className="Header"
>
  <span
    className="Header__text"
  >
    <img
      alt="benchmark logo"
      className="logoIcon"
      src="benchmark-logo.png"
    />
    <Link
      className="logo"
      to="/"
    >
      benchMark
    </Link>
  </span>
  <div
    className="Header__not-logged-in"
  >
    <Link
      className="navItem"
      to="/register"
    >
      <img
        alt="Register link logo"
        className="navIcon"
        src="register-icon.png"
      />
      <p
        className="navItem__text"
      >
        Register
      </p>
    </Link>
    <Link
      className="navItem"
      to="/login"
    >
      <img
        alt="Login link logo"
        className="navIcon"
        src="login-icon.png"
      />
      <p
        className="navItem__text2"
      >
        Login
      </p>
    </Link>
  </div>
</nav>
`;
