// Jest Snapshot v1, https://goo.gl/fbAQLP

exports[`PrivateRoute Component renders private route 1`] = `
<Route
  render={[Function]}
/>
`;
