// Jest Snapshot v1, https://goo.gl/fbAQLP

exports[`PublicOnlyRoute Component renders a public only route 1`] = `
<Route
  render={[Function]}
/>
`;
