// Jest Snapshot v1, https://goo.gl/fbAQLP

exports[`LoginForm Component renders without crashing 1`] = `
<form
  className="LoginForm"
  onSubmit={[Function]}
>
  <div
    role="alert"
  />
  <div
    className="username"
  >
    <label
      htmlFor="LoginForm__username"
    >
      Username
    </label>
    <Input
      id="LoginForm__username"
      name="username"
      required={true}
    />
  </div>
  <div
    className="user_password"
  >
    <label
      htmlFor="LoginForm__password"
    >
      Password
    </label>
    <Input
      id="LoginForm__password"
      name="user_password"
      required={true}
      type="password"
    />
  </div>
  <div
    className="Login__button"
  >
    <Button
      className="LoginSubmit"
      type="submit"
    >
      <img
        alt="Login"
        className="Login__icon"
        src="login-icon.png"
      />
      Login
    </Button>
  </div>
</form>
`;
